###############################################################################
#
# IAR ELF Linker V9.10.1.308/W64 for ARM                  02/Jan/2024  20:40:23
# Copyright 2007-2021 IAR Systems AB.
#
#    Output file  =
#        D:\Courses\Intro Embedded\project_tivaware\tiva
#        c\ultrasonic_sensor\Debug\Exe\ultra.out
#    Map file     =
#        D:\Courses\Intro Embedded\project_tivaware\tiva
#        c\ultrasonic_sensor\Debug\List\ultra.map
#    Command line =
#        -f "D:\Courses\Intro Embedded\project_tivaware\tiva
#        c\ultrasonic_sensor\Debug\Exe\ultra.out.rsp" ("D:\Courses\Intro
#        Embedded\project_tivaware\tiva c\ultrasonic_sensor\Debug\Obj\main.o"
#        --no_out_extension -o "D:\Courses\Intro Embedded\project_tivaware\tiva
#        c\ultrasonic_sensor\Debug\Exe\ultra.out" --redirect
#        _Printf=_PrintfFullNoMb --redirect _Scanf=_ScanfFullNoMb --map
#        "D:\Courses\Intro Embedded\project_tivaware\tiva
#        c\ultrasonic_sensor\Debug\List\ultra.map" --config "C:\Program
#        Files\IAR Systems\Embedded Workbench
#        9.0\arm\config\linker\TexasInstruments\TM4C1237E6.icf" --semihosting
#        D:\programs\tivaware_c_series_2_1_4_178\driverlib\ewarm\Exe\driverlib.a
#        --entry __iar_program_start --vfe --text_out locale)
#
###############################################################################

*******************************************************************************
*** MESSAGES
***

Warning[Lt009]: Inconsistent wchar_t size
            adc.o(driverlib.a) and 5 other objects in driverlib.a have wchar_t
                      size 16 bits
            main.o and 18 other objects, some of them in rt7M_tl.a and 9 other
                      libraries have wchar_t size 32 bits


*******************************************************************************
*** RUNTIME MODEL ATTRIBUTES
***

CppFlavor       = *
__SystemLibrary = DLib
__dlib_version  = 6


*******************************************************************************
*** HEAP SELECTION
***

The basic heap was selected because no calls to memory allocation
functions were found in the application outside of system library
functions, and there are calls to deallocation functions in the
application.


*******************************************************************************
*** PLACEMENT SUMMARY
***

"A0":  place at address 0x0 { ro section .intvec };
"P1":  place in [from 0x0 to 0x1'ffff] { ro };
define block CSTACK with size = 4K, alignment = 8 { };
define block HEAP with size = 8K, alignment = 8 { };
"P2":  place in [from 0x2000'0000 to 0x2000'7fff] {
          rw, block CSTACK, block HEAP };

No sections matched the following patterns:

  rw  in "P2"


  Section   Kind         Address    Size  Object
  -------   ----         -------    ----  ------
"A0":                               0x40
  .intvec   ro code          0x0    0x40  vector_table_M.o [5]
                          - 0x40    0x40

"P1":                              0xe50
  .text     ro code         0x40   0x6c8  main.o [1]
  .text     ro code        0x708    0x92  uart.o [3]
  .text     ro code        0x79a    0x14  memset.o [5]
  .text     ro code        0x7ae     0x2  vectortrap_M.o [5]
  .text     ro code        0x7b0   0x1c4  sysctl.o [3]
  .text     ro code        0x974   0x230  gpio.o [3]
  .text     ro code        0xba4   0x160  adc.o [3]
  .text     ro code        0xd04    0x66  ABImemset.o [5]
  .text     ro code        0xd6c    0x22  fpinit_M.o [4]
  .text     ro code        0xd90    0x1e  cmain.o [5]
  .text     ro code        0xdae     0x4  low_level_init.o [2]
  .text     ro code        0xdb2     0x4  exit.o [2]
  .text     ro code        0xdb8     0xa  cexit.o [5]
  .text     ro code        0xdc4    0x14  exit.o [6]
  .rodata   const          0xdd8    0x1c  main.o [1]
  .text     ro code        0xdf4    0x1c  cstartup_M.o [5]
  .rodata   const          0xe10    0x18  main.o [1]
  .rodata   const          0xe28    0x18  main.o [1]
  .rodata   const          0xe40    0x14  main.o [1]
  .rodata   const          0xe54    0x14  main.o [1]
  .rodata   const          0xe68    0x10  main.o [1]
  .rodata   const          0xe78     0xc  main.o [1]
  .rodata   const          0xe84     0xc  main.o [1]
                         - 0xe90   0xe50

"P2":                             0x1000
  CSTACK             0x2000'0000  0x1000  <Block>
    CSTACK  uninit   0x2000'0000  0x1000  <Block tail>
                   - 0x2000'1000  0x1000

Unused ranges:

         From           To      Size
         ----           --      ----
        0xe90     0x1'ffff  0x1'f170
  0x2000'1000  0x2000'7fff    0x7000



*******************************************************************************
*** MODULE SUMMARY
***

    Module            ro code  ro data  rw data
    ------            -------  -------  -------
command line/config:
    -------------------------------------------
    Total:

D:\Courses\Intro Embedded\project_tivaware\tiva c\ultrasonic_sensor\Debug\Obj: [1]
    main.o              1'736      156
    -------------------------------------------
    Total:              1'736      156

dl7M_tln.a: [2]
    exit.o                  4
    low_level_init.o        4
    -------------------------------------------
    Total:                  8

driverlib.a: [3]
    adc.o                 352
    gpio.o                560
    sysctl.o              452
    uart.o                146
    -------------------------------------------
    Total:              1'510

m7M_tls.a: [4]
    fpinit_M.o             34
    -------------------------------------------
    Total:                 34

rt7M_tl.a: [5]
    ABImemset.o           102
    cexit.o                10
    cmain.o                30
    cstartup_M.o           28
    memset.o               20
    vector_table_M.o       64
    vectortrap_M.o          2
    -------------------------------------------
    Total:                256

shb_l.a: [6]
    exit.o                 20
    -------------------------------------------
    Total:                 20

    Gaps                    8
    Linker created                        4'096
-----------------------------------------------
    Grand Total:        3'572      156    4'096


*******************************************************************************
*** ENTRY LIST
***

Entry                       Address   Size  Type      Object
-----                       -------   ----  ----      ------
?main                         0xd91         Code  Gb  cmain.o [5]
ADCIntClear                   0xbcf    0xa  Code  Gb  adc.o [3]
ADCIntStatus                  0xba5   0x2a  Code  Gb  adc.o [3]
ADCProcessorTrigger           0xcdf   0x1c  Code  Gb  adc.o [3]
ADCSequenceConfigure          0xbe3   0x52  Code  Gb  adc.o [3]
ADCSequenceDataGet            0xcc1   0x1e  Code  Gb  adc.o [3]
ADCSequenceEnable             0xbd9    0xa  Code  Gb  adc.o [3]
ADCSequenceStepConfigure
                              0xc35   0x76  Code  Gb  adc.o [3]
BusFault_Handler              0x7af         Code  Wk  vectortrap_M.o [5]
CSTACK$$Base            0x2000'0000          --   Gb  - Linker created -
CSTACK$$Limit           0x2000'1000          --   Gb  - Linker created -
DebugMon_Handler              0x7af         Code  Wk  vectortrap_M.o [5]
GPIODirModeSet                0x975   0x28  Code  Gb  gpio.o [3]
GPIOPadConfigSet              0x99d   0xfe  Code  Gb  gpio.o [3]
GPIOPinConfigure              0xad5   0x38  Code  Gb  gpio.o [3]
GPIOPinTypeADC                0xa9b    0x4  Code  Gb  gpio.o [3]
GPIOPinTypeUART               0xac1   0x14  Code  Gb  gpio.o [3]
HardFault_Handler             0x7af         Code  Wk  vectortrap_M.o [5]
MemManage_Handler             0x7af         Code  Wk  vectortrap_M.o [5]
NMI_Handler                   0x7af         Code  Wk  vectortrap_M.o [5]
PendSV_Handler                0x7af         Code  Wk  vectortrap_M.o [5]
Region$$Table$$Base             0x0          --   Gb  - Linker created -
Region$$Table$$Limit            0x0          --   Gb  - Linker created -
SVC_Handler                   0x7af         Code  Wk  vectortrap_M.o [5]
SysCtlClockGet                0x7cd  0x110  Code  Gb  sysctl.o [3]
SysCtlPeripheralEnable        0x7b1    0x8  Code  Gb  sysctl.o [3]
SysTick_Handler               0x7af         Code  Wk  vectortrap_M.o [5]
UARTCharPut                   0x791    0xa  Code  Gb  uart.o [3]
UARTConfigSetExpClk           0x709   0x4c  Code  Gb  uart.o [3]
UARTDisable                   0x76f   0x1e  Code  Gb  uart.o [3]
UARTEnable                    0x755   0x1a  Code  Gb  uart.o [3]
UsageFault_Handler            0x7af         Code  Wk  vectortrap_M.o [5]
__aeabi_memset                0xd05         Code  Gb  ABImemset.o [5]
__cmain                       0xd91         Code  Gb  cmain.o [5]
__exit                        0xdc5   0x14  Code  Gb  exit.o [6]
__iar_Memset                  0xd05         Code  Gb  ABImemset.o [5]
__iar_Memset_word             0xd0d         Code  Gb  ABImemset.o [5]
__iar_init_vfp                0xd6d         Code  Gb  fpinit_M.o [4]
__iar_program_start           0xdf5         Code  Gb  cstartup_M.o [5]
__low_level_init              0xdaf    0x4  Code  Gb  low_level_init.o [2]
__vector_table                  0x0         Data  Gb  vector_table_M.o [5]
_call_main                    0xd9d         Code  Gb  cmain.o [5]
_exit                         0xdb9         Code  Gb  cexit.o [5]
activateBuzzer1               0x4b5    0xe  Code  Gb  main.o [1]
activateBuzzer2               0x4eb    0xe  Code  Gb  main.o [1]
bluetooth_write               0x29f   0x16  Code  Gb  main.o [1]
bluetooth_write_string        0x2b5   0x16  Code  Gb  main.o [1]
buzzerInit1                   0x49b   0x1a  Code  Gb  main.o [1]
buzzerInit2                   0x4d1   0x1a  Code  Gb  main.o [1]
ddelay                        0x1f9    0xe  Code  Gb  main.o [1]
deactivateBuzzer1             0x4c3    0xe  Code  Gb  main.o [1]
deactivateBuzzer2             0x4f9    0xe  Code  Gb  main.o [1]
exit                          0xdb3    0x4  Code  Gb  exit.o [2]
g_pui32GPIOBaseAddrs          0xb14   0x90  Data  Lc  gpio.o [3]
g_pui32Xtals                  0x908   0x6c  Data  Lc  sysctl.o [3]
hc05_init                     0x207   0x98  Code  Gb  main.o [1]
initGPIO                      0x57b   0x38  Code  Gb  main.o [1]
initMute                      0x481   0x1a  Code  Gb  main.o [1]
initUART                      0x2d1   0x40  Code  Gb  main.o [1]
main                           0x41  0x1b8  Code  Gb  main.o [1]
measureDistance               0x509   0x72  Code  Gb  main.o [1]
memset                        0x79b   0x14  Code  Gb  memset.o [5]
portAInit                     0x311   0x60  Code  Gb  main.o [1]
portBInit                     0x3bb   0x36  Code  Gb  main.o [1]
portDInit                     0x371   0x4a  Code  Gb  main.o [1]
portFInit                     0x3f1   0x48  Code  Gb  main.o [1]
readMQ2Sensor                 0x5b3   0x2e  Code  Gb  main.o [1]
sysTickInit                   0x439   0x1c  Code  Gb  main.o [1]
sysTickWait                   0x455   0x16  Code  Gb  main.o [1]
sysTickWait10us               0x46b   0x16  Code  Gb  main.o [1]


[1] = D:\Courses\Intro Embedded\project_tivaware\tiva c\ultrasonic_sensor\Debug\Obj
[2] = dl7M_tln.a
[3] = driverlib.a
[4] = m7M_tls.a
[5] = rt7M_tl.a
[6] = shb_l.a

  3'572 bytes of readonly  code memory
    156 bytes of readonly  data memory
  4'096 bytes of readwrite data memory

Errors: none
Warnings: 1
